// Jest Snapshot v1, https://goo.gl/fbAQLP

exports[`Header Renders Header 1`] = `
<h1
  className="m-2 font-bold"
>
  Default Test
</h1>
`;
